// Jest Snapshot v1, https://goo.gl/fbAQLP

exports[`rc-drawer-menu handler is null，open=false 1`] = `null`;

exports[`rc-drawer-menu handler is null，open=true 1`] = `null`;
